// Jest Snapshot v1, https://goo.gl/fbAQLP

exports[`PageContentContainer matches snapshot 1`] = `
<DocumentFragment>
  <div
    style="width: 100%; height: 100%; background-color: white; display: flex; flex-wrap: wrap; gap: 10px;"
  />
</DocumentFragment>
`;
