// Jest Snapshot v1, https://goo.gl/fbAQLP

exports[`NovelBoxContent matches snapshot 1`] = `
<DocumentFragment>
  <div
    data-testid="novel-box-container-test-id"
    style="border: 1px solid #ccc; border-radius: 12px; padding: 16px; margin: 16px auto; box-shadow: 0 4px 8px rgba(0, 0, 0, 0.1); height: 400px; width: 300px;"
  >
    <h2
      style="margin: 0px 0px 8px 0px; font-size: 18px; font-weight: bold; color: rgb(51, 51, 51);"
    >
      test-title
    </h2>
    <p
      style="margin: 0px; font-size: 14px; color: rgb(85, 85, 85);"
    >
      test-description
    </p>
  </div>
</DocumentFragment>
`;
